// Jest Snapshot v1, https://goo.gl/fbAQLP

exports[`testing Promo component renders the Promo component 1`] = `
ShallowWrapper {
  "length": 1,
  Symbol(enzyme.__root__): [Circular],
  Symbol(enzyme.__unrendered__): <Promo
    id={1}
    promoData={
      Array [
        Object {
          "id": 1,
        },
        Object {
          "id": 2,
        },
      ]
    }
  />,
  Symbol(enzyme.__renderer__): Object {
    "batchedUpdates": [Function],
    "getNode": [Function],
    "render": [Function],
    "simulateEvent": [Function],
    "unmount": [Function],
  },
  Symbol(enzyme.__node__): Object {
    "instance": null,
    "key": undefined,
    "nodeType": "host",
    "props": Object {
      "children": Array [
        <WinsomeSchool
          id={1}
          promoData={
            Array [
              Object {
                "id": 1,
              },
              Object {
                "id": 2,
              },
            ]
          }
        />,
        <JuniorSchool />,
        <WinsomeSchool
          id={2}
          promoData={
            Array [
              Object {
                "id": 1,
              },
              Object {
                "id": 2,
              },
            ]
          }
        />,
      ],
    },
    "ref": null,
    "rendered": Array [
      Object {
        "instance": null,
        "key": undefined,
        "nodeType": "class",
        "props": Object {
          "id": 1,
          "promoData": Array [
            Object {
              "id": 1,
            },
            Object {
              "id": 2,
            },
          ],
        },
        "ref": null,
        "rendered": null,
        "type": [Function],
      },
      Object {
        "instance": null,
        "key": undefined,
        "nodeType": "class",
        "props": Object {},
        "ref": null,
        "rendered": null,
        "type": [Function],
      },
      Object {
        "instance": null,
        "key": undefined,
        "nodeType": "class",
        "props": Object {
          "id": 2,
          "promoData": Array [
            Object {
              "id": 1,
            },
            Object {
              "id": 2,
            },
          ],
        },
        "ref": null,
        "rendered": null,
        "type": [Function],
      },
    ],
    "type": "div",
  },
  Symbol(enzyme.__nodes__): Array [
    Object {
      "instance": null,
      "key": undefined,
      "nodeType": "host",
      "props": Object {
        "children": Array [
          <WinsomeSchool
            id={1}
            promoData={
              Array [
                Object {
                  "id": 1,
                },
                Object {
                  "id": 2,
                },
              ]
            }
          />,
          <JuniorSchool />,
          <WinsomeSchool
            id={2}
            promoData={
              Array [
                Object {
                  "id": 1,
                },
                Object {
                  "id": 2,
                },
              ]
            }
          />,
        ],
      },
      "ref": null,
      "rendered": Array [
        Object {
          "instance": null,
          "key": undefined,
          "nodeType": "class",
          "props": Object {
            "id": 1,
            "promoData": Array [
              Object {
                "id": 1,
              },
              Object {
                "id": 2,
              },
            ],
          },
          "ref": null,
          "rendered": null,
          "type": [Function],
        },
        Object {
          "instance": null,
          "key": undefined,
          "nodeType": "class",
          "props": Object {},
          "ref": null,
          "rendered": null,
          "type": [Function],
        },
        Object {
          "instance": null,
          "key": undefined,
          "nodeType": "class",
          "props": Object {
            "id": 2,
            "promoData": Array [
              Object {
                "id": 1,
              },
              Object {
                "id": 2,
              },
            ],
          },
          "ref": null,
          "rendered": null,
          "type": [Function],
        },
      ],
      "type": "div",
    },
  ],
  Symbol(enzyme.__options__): Object {
    "adapter": ReactSixteenAdapter {
      "options": Object {
        "enableComponentDidUpdateOnSetState": true,
      },
    },
  },
}
`;
