// Jest Snapshot v1, https://goo.gl/fbAQLP

exports[`testing Discover component renders the Discover component 1`] = `
ShallowWrapper {
  "length": 1,
  Symbol(enzyme.__root__): [Circular],
  Symbol(enzyme.__unrendered__): <Feature />,
  Symbol(enzyme.__renderer__): Object {
    "batchedUpdates": [Function],
    "getNode": [Function],
    "render": [Function],
    "simulateEvent": [Function],
    "unmount": [Function],
  },
  Symbol(enzyme.__node__): Object {
    "instance": null,
    "key": undefined,
    "nodeType": "host",
    "props": Object {
      "children": Array [
        <div
          className="Text"
        >
          <h3
            className="discover-heading"
          >
            Discover More About Winsome
          </h3>
        </div>,
        <div
          className="one-third events"
        >
          <h3
            className="discover-subheading"
          >
            Events
          </h3>
        </div>,
        <div
          className="one-third faculty"
        >
          <h3
            className="discover-subheading"
          >
            Faculty & Staff
          </h3>
        </div>,
        <div
          className="one-third policies"
        >
          <h3
            className="discover-subheading"
          >
            Policies & Procedures
          </h3>
        </div>,
        <div
          className="clear"
        />,
      ],
      "id": "discover",
    },
    "ref": null,
    "rendered": Array [
      Object {
        "instance": null,
        "key": undefined,
        "nodeType": "host",
        "props": Object {
          "children": <h3
            className="discover-heading"
          >
            Discover More About Winsome
          </h3>,
          "className": "Text",
        },
        "ref": null,
        "rendered": Object {
          "instance": null,
          "key": undefined,
          "nodeType": "host",
          "props": Object {
            "children": "Discover More About Winsome",
            "className": "discover-heading",
          },
          "ref": null,
          "rendered": "Discover More About Winsome",
          "type": "h3",
        },
        "type": "div",
      },
      Object {
        "instance": null,
        "key": undefined,
        "nodeType": "host",
        "props": Object {
          "children": <h3
            className="discover-subheading"
          >
            Events
          </h3>,
          "className": "one-third events",
        },
        "ref": null,
        "rendered": Object {
          "instance": null,
          "key": undefined,
          "nodeType": "host",
          "props": Object {
            "children": "Events",
            "className": "discover-subheading",
          },
          "ref": null,
          "rendered": "Events",
          "type": "h3",
        },
        "type": "div",
      },
      Object {
        "instance": null,
        "key": undefined,
        "nodeType": "host",
        "props": Object {
          "children": <h3
            className="discover-subheading"
          >
            Faculty & Staff
          </h3>,
          "className": "one-third faculty",
        },
        "ref": null,
        "rendered": Object {
          "instance": null,
          "key": undefined,
          "nodeType": "host",
          "props": Object {
            "children": "Faculty & Staff",
            "className": "discover-subheading",
          },
          "ref": null,
          "rendered": "Faculty & Staff",
          "type": "h3",
        },
        "type": "div",
      },
      Object {
        "instance": null,
        "key": undefined,
        "nodeType": "host",
        "props": Object {
          "children": <h3
            className="discover-subheading"
          >
            Policies & Procedures
          </h3>,
          "className": "one-third policies",
        },
        "ref": null,
        "rendered": Object {
          "instance": null,
          "key": undefined,
          "nodeType": "host",
          "props": Object {
            "children": "Policies & Procedures",
            "className": "discover-subheading",
          },
          "ref": null,
          "rendered": "Policies & Procedures",
          "type": "h3",
        },
        "type": "div",
      },
      Object {
        "instance": null,
        "key": undefined,
        "nodeType": "host",
        "props": Object {
          "className": "clear",
        },
        "ref": null,
        "rendered": null,
        "type": "div",
      },
    ],
    "type": "div",
  },
  Symbol(enzyme.__nodes__): Array [
    Object {
      "instance": null,
      "key": undefined,
      "nodeType": "host",
      "props": Object {
        "children": Array [
          <div
            className="Text"
          >
            <h3
              className="discover-heading"
            >
              Discover More About Winsome
            </h3>
          </div>,
          <div
            className="one-third events"
          >
            <h3
              className="discover-subheading"
            >
              Events
            </h3>
          </div>,
          <div
            className="one-third faculty"
          >
            <h3
              className="discover-subheading"
            >
              Faculty & Staff
            </h3>
          </div>,
          <div
            className="one-third policies"
          >
            <h3
              className="discover-subheading"
            >
              Policies & Procedures
            </h3>
          </div>,
          <div
            className="clear"
          />,
        ],
        "id": "discover",
      },
      "ref": null,
      "rendered": Array [
        Object {
          "instance": null,
          "key": undefined,
          "nodeType": "host",
          "props": Object {
            "children": <h3
              className="discover-heading"
            >
              Discover More About Winsome
            </h3>,
            "className": "Text",
          },
          "ref": null,
          "rendered": Object {
            "instance": null,
            "key": undefined,
            "nodeType": "host",
            "props": Object {
              "children": "Discover More About Winsome",
              "className": "discover-heading",
            },
            "ref": null,
            "rendered": "Discover More About Winsome",
            "type": "h3",
          },
          "type": "div",
        },
        Object {
          "instance": null,
          "key": undefined,
          "nodeType": "host",
          "props": Object {
            "children": <h3
              className="discover-subheading"
            >
              Events
            </h3>,
            "className": "one-third events",
          },
          "ref": null,
          "rendered": Object {
            "instance": null,
            "key": undefined,
            "nodeType": "host",
            "props": Object {
              "children": "Events",
              "className": "discover-subheading",
            },
            "ref": null,
            "rendered": "Events",
            "type": "h3",
          },
          "type": "div",
        },
        Object {
          "instance": null,
          "key": undefined,
          "nodeType": "host",
          "props": Object {
            "children": <h3
              className="discover-subheading"
            >
              Faculty & Staff
            </h3>,
            "className": "one-third faculty",
          },
          "ref": null,
          "rendered": Object {
            "instance": null,
            "key": undefined,
            "nodeType": "host",
            "props": Object {
              "children": "Faculty & Staff",
              "className": "discover-subheading",
            },
            "ref": null,
            "rendered": "Faculty & Staff",
            "type": "h3",
          },
          "type": "div",
        },
        Object {
          "instance": null,
          "key": undefined,
          "nodeType": "host",
          "props": Object {
            "children": <h3
              className="discover-subheading"
            >
              Policies & Procedures
            </h3>,
            "className": "one-third policies",
          },
          "ref": null,
          "rendered": Object {
            "instance": null,
            "key": undefined,
            "nodeType": "host",
            "props": Object {
              "children": "Policies & Procedures",
              "className": "discover-subheading",
            },
            "ref": null,
            "rendered": "Policies & Procedures",
            "type": "h3",
          },
          "type": "div",
        },
        Object {
          "instance": null,
          "key": undefined,
          "nodeType": "host",
          "props": Object {
            "className": "clear",
          },
          "ref": null,
          "rendered": null,
          "type": "div",
        },
      ],
      "type": "div",
    },
  ],
  Symbol(enzyme.__options__): Object {
    "adapter": ReactSixteenAdapter {
      "options": Object {
        "enableComponentDidUpdateOnSetState": true,
      },
    },
  },
}
`;
